// Jest Snapshot v1, https://goo.gl/fbAQLP

exports[`Blog Archive renders correctly 1`] = `
<div
  className="sc-bdnxRM hUBoQS"
  id="home"
>
  <style>
    @import url('https://fonts.googleapis.com/css2?family=Inter&family=Nunito&display=swap');
  </style>
  <div
    className="sc-gtsrHT nEvmp"
  >
    <div
      className="sc-dlnjwi doIufK"
    >
      <h1
        className="sc-eCApnc cpRFEm"
      >
        Andrei T. Ferreira
      </h1>
      <p
        className="sc-hKFxyN bjfJMK"
      >
        Dev / Learner / JAMStack enthusiast
      </p>
      <div
        className="sc-gKAaRy cbdIJd"
      >
        <a
          aria-label="Github"
          className="sc-iCoGMd ekMaxE"
          href="https://github.com/vorsakha"
          rel="noopener noreferrer"
          target="_blank"
        >
          <svg
            fill="currentColor"
            height="1em"
            stroke="currentColor"
            strokeWidth="0"
            style={
              Object {
                "color": undefined,
              }
            }
            viewBox="0 0 496 512"
            width="1em"
            xmlns="http://www.w3.org/2000/svg"
          >
            <path
              d="M165.9 397.4c0 2-2.3 3.6-5.2 3.6-3.3.3-5.6-1.3-5.6-3.6 0-2 2.3-3.6 5.2-3.6 3-.3 5.6 1.3 5.6 3.6zm-31.1-4.5c-.7 2 1.3 4.3 4.3 4.9 2.6 1 5.6 0 6.2-2s-1.3-4.3-4.3-5.2c-2.6-.7-5.5.3-6.2 2.3zm44.2-1.7c-2.9.7-4.9 2.6-4.6 4.9.3 2 2.9 3.3 5.9 2.6 2.9-.7 4.9-2.6 4.6-4.6-.3-1.9-3-3.2-5.9-2.9zM244.8 8C106.1 8 0 113.3 0 252c0 110.9 69.8 205.8 169.5 239.2 12.8 2.3 17.3-5.6 17.3-12.1 0-6.2-.3-40.4-.3-61.4 0 0-70 15-84.7-29.8 0 0-11.4-29.1-27.8-36.6 0 0-22.9-15.7 1.6-15.4 0 0 24.9 2 38.6 25.8 21.9 38.6 58.6 27.5 72.9 20.9 2.3-16 8.8-27.1 16-33.7-55.9-6.2-112.3-14.3-112.3-110.5 0-27.5 7.6-41.3 23.6-58.9-2.6-6.5-11.1-33.3 2.6-67.9 20.9-6.5 69 27 69 27 20-5.6 41.5-8.5 62.8-8.5s42.8 2.9 62.8 8.5c0 0 48.1-33.6 69-27 13.7 34.7 5.2 61.4 2.6 67.9 16 17.7 25.8 31.5 25.8 58.9 0 96.5-58.9 104.2-114.8 110.5 9.2 7.9 17 22.9 17 46.4 0 33.7-.3 75.4-.3 83.6 0 6.5 4.6 14.4 17.3 12.1C428.2 457.8 496 362.9 496 252 496 113.3 383.5 8 244.8 8zM97.2 352.9c-1.3 1-1 3.3.7 5.2 1.6 1.6 3.9 2.3 5.2 1 1.3-1 1-3.3-.7-5.2-1.6-1.6-3.9-2.3-5.2-1zm-10.8-8.1c-.7 1.3.3 2.9 2.3 3.9 1.6 1 3.6.7 4.3-.7.7-1.3-.3-2.9-2.3-3.9-2-.6-3.6-.3-4.3.7zm32.4 35.6c-1.6 1.3-1 4.3 1.3 6.2 2.3 2.3 5.2 2.6 6.5 1 1.3-1.3.7-4.3-1.3-6.2-2.2-2.3-5.2-2.6-6.5-1zm-11.4-14.7c-1.6 1-1.6 3.6 0 5.9 1.6 2.3 4.3 3.3 5.6 2.3 1.6-1.3 1.6-3.9 0-6.2-1.4-2.3-4-3.3-5.6-2z"
            />
          </svg>
        </a>
        <a
          aria-label="Linkedin"
          className="sc-iCoGMd ekMaxE"
          href="#"
          rel="noopener noreferrer"
          target="_blank"
        >
          <svg
            fill="currentColor"
            height="1em"
            stroke="currentColor"
            strokeWidth="0"
            style={
              Object {
                "color": undefined,
              }
            }
            viewBox="0 0 448 512"
            width="1em"
            xmlns="http://www.w3.org/2000/svg"
          >
            <path
              d="M100.28 448H7.4V148.9h92.88zM53.79 108.1C24.09 108.1 0 83.5 0 53.8a53.79 53.79 0 0 1 107.58 0c0 29.7-24.1 54.3-53.79 54.3zM447.9 448h-92.68V302.4c0-34.7-.7-79.2-48.29-79.2-48.29 0-55.69 37.7-55.69 76.7V448h-92.78V148.9h89.08v40.8h1.3c12.4-23.5 42.69-48.3 87.88-48.3 94 0 111.28 61.9 111.28 142.3V448z"
            />
          </svg>
        </a>
        <a
          aria-label="Email"
          className="sc-iCoGMd ekMaxE"
          href="mailto:andreitf.dev@gmail.com"
          rel="noopener noreferrer"
          target="_blank"
        >
          <svg
            fill="currentColor"
            height="1em"
            stroke="currentColor"
            strokeWidth="0"
            style={
              Object {
                "color": undefined,
              }
            }
            viewBox="0 0 24 24"
            width="1em"
            xmlns="http://www.w3.org/2000/svg"
          >
            <path
              d="M20 4H4c-1.1 0-1.99.9-1.99 2L2 18c0 1.1.9 2 2 2h16c1.1 0 2-.9 2-2V6c0-1.1-.9-2-2-2zm0 4l-8 5-8-5V6l8 5 8-5v2z"
            />
          </svg>
        </a>
      </div>
    </div>
    <div
      className="sc-dlnjwi giNqKt"
      start={true}
    >
      <h2
        className="sc-jSFjdj jocLnM"
      >
        Selected Work
      </h2>
      <ul>
        <li>
          <a
            href="/selected-work/bitcoin-glance"
            state={
              Object {
                "challenges": Array [
                  "Translated a indicator strategy to code by calculating data coming from Binance API according to the indicator specifications.",
                  "Worked more closely with Webpack and respective config file",
                ],
                "description": "Bitcoin Glance calculates Bitcoin market history to get a glance at the current conditions, depending on specific time frames.",
                "image": "bg",
                "link": "https://www.bitcoinglance.cc/",
                "page": "bitcoin-glance",
                "repo": "https://github.com/vorsakha/bitcoin-glance",
                "stack": Array [
                  "Webpack",
                  "Typescript",
                  "Binance API",
                  "CSS",
                  "PWA",
                ],
                "title": "Bitcoin Glance",
              }
            }
          >
            Bitcoin Glance
          </a>
          <div
            className="sc-fujyAs bvmYfd"
          >
            Webpack
          </div>
        </li>
        <li>
          <a
            href="/selected-work/save-a-class"
            state={
              Object {
                "challenges": Array [
                  "NextApiRequest - I had to find out how to merge some more types to the NextApiRequest for a piece of code that required it in strict typescript.",
                  "localStorage - had to write checks to localStorage availability due to server side rendering of nextjs Window, and document are not available on the server. This is why you'll run into these types of errors if you are trying to access window properties or document. In my case, I was persisting my authentication token to localStorage on the previous application. To avoid running into these undefined errors at compile and build time, you can run a simple check.",
                  "Font change tailwind - The \\"extend\\" functionality allows you to add your font(s) alongside the existing font utilities. Add a theme.extend.fontFamily section to the Tailwind config",
                  "Type safety with extraReducers - Was getting an error regarding putting a promise inside a redux state. Resolved it by searching through the redux toolkit documentation and correctly making \\"action\\" type safe.",
                  "non-serializable value was detected in the state Was passing aixos whole result, that apart from data, it contains various other fields related to the request. Although i'm only saving data and not other fields, as the whole res object passes to the store it goes through a middleware called Serializability, which is included in redux-toolkit and enforces Redux recommendation to only store serializable data. Serializable means it can be written down as text and converted back to original object without losing information, which doesn't work with functions. A javascript function apart from code also have scope (memory associated to it), which cannot be represented as text. Serializability checks the whole payload (it is executed before your data reaches the store, so it doesn't know which parts will be used) and notices config. As config has methods among its members Serializability alerts you that it is not serializable. You could switch the middleware off, but it can detect genuine issues, so it's generally a better idea to just keep only relevant data in the payload.",
                ],
                "description": "Nextjs App that grabs COD MW(2019) match history data and allow user to save a specific match class.",
                "image": "sac",
                "link": "https://saveaclass.vercel.app/",
                "page": "save-a-class",
                "repo": "https://github.com/vorsakha/saveaclass",
                "stack": Array [
                  "Nextjs",
                  "MongoDB",
                  "Tailwindcss",
                  "Typescript",
                ],
                "title": "Save a Class",
              }
            }
          >
            Save a Class
          </a>
          <div
            className="sc-fujyAs bvmYfd"
          >
            Nextjs
          </div>
        </li>
        <li>
          <a
            href="/selected-work/untilt"
            state={
              Object {
                "challenges": Array [
                  "Learned how to work with Redux-Toolkit",
                  "Alert system with Redux",
                  "Nodejs and Express with Typescript",
                  "Dynamic routes with Gatsbyjs",
                ],
                "description": "Untilt is an app that let you log bugs and assign them to a registered member. Once a bug is resolved, a member can mark it as such. Every member have a section of their assigned bugs and other with all bugs as well.",
                "image": "untilt",
                "link": "https://untilt-bug-tracker.netlify.app/",
                "page": "untilt",
                "repo": "https://github.com/vorsakha/untilt",
                "stack": Array [
                  "React.js",
                  "Typescript",
                  "Tailwindcss",
                  "Redux",
                  "Express",
                  "Axios",
                  "MongoDB",
                ],
                "title": "Untilt - Bug Tracker",
              }
            }
          >
            Untilt - Bug Tracker
          </a>
          <div
            className="sc-fujyAs bvmYfd"
          >
            React.js
          </div>
        </li>
        <li>
          <a
            href="/selected-work/gatsby-plugin-beast-modal"
            state={
              Object {
                "challenges": Array [
                  "Learned how to build a Gatsby plugin",
                  "Refactored to use the new official gatsby-image-plugin",
                  "Refactored to Typescript, deepening my knowledge on the language",
                ],
                "description": "A Gatsby plugin for easy modal display with gatsby-plugin-image. It is used in the example image on this page.",
                "image": "default",
                "npm": "https://www.npmjs.com/package/@tsaristbomba/gatsby-plugin-beast-modal",
                "page": "gatsby-plugin-beast-modal",
                "repo": "https://github.com/vorsakha/beast-modal",
                "stack": Array [
                  "Gatsby.js",
                  "Typescript",
                  "styled-components",
                  "gatsby-plugin",
                  "GraphQL",
                ],
                "title": "Beast Modal",
              }
            }
          >
            Beast Modal
          </a>
          <div
            className="sc-fujyAs bvmYfd"
          >
            Gatsby.js
          </div>
        </li>
        <li>
          <a
            href="/selected-work/andreitf"
            state={
              Object {
                "challenges": Array [
                  "Got more experience working with ContentfulCMS API",
                  "Learned how to make an PWA App",
                ],
                "description": "Portfolio and Blog.",
                "image": "TF",
                "link": "https://telfer.io",
                "page": "andreitf",
                "repo": "https://github.com/vorsakha/portfolio-gatsby",
                "stack": Array [
                  "Gatsby.js",
                  "Typescript",
                  "styled-components",
                  "GraphQL",
                  "ContentfulCMS",
                  "PWA",
                ],
                "title": "andreitf.co",
              }
            }
          >
            andreitf.co
          </a>
          <div
            className="sc-fujyAs bvmYfd"
          >
            Gatsby.js
          </div>
        </li>
        <li>
          <a
            href="/selected-work/blog-sakha"
            state={
              Object {
                "challenges": Array [
                  "Got more experience working with NetlifyCMS API",
                  "NetlifyCMS generate blog posts with markdown, a different approach from ContentfulCMS, so I had to work in a different way to generate those pages based on markdown",
                ],
                "description": "Gatsbyjs blog starter template.",
                "image": "sakha-blog",
                "link": "https://sakha-blog.netlify.app/",
                "page": "blog-sakha",
                "repo": "https://github.com/vorsakha/gatsby-blog-sakha",
                "stack": Array [
                  "Gatsby.js",
                  "Tailwindcss",
                  "styled-components",
                  "PWA",
                  "NetlifyCMS",
                ],
                "title": "Sakha Blog Starter",
              }
            }
          >
            Sakha Blog Starter
          </a>
          <div
            className="sc-fujyAs bvmYfd"
          >
            Gatsby.js
          </div>
        </li>
      </ul>
    </div>
  </div>
</div>
`;
