// Jest Snapshot v1, https://goo.gl/fbAQLP

exports[`Scroll renders correctly 1`] = `
<button
  className="sc-bdnxRM bhiJDY"
  onClick={[Function]}
>
  <svg
    className="sc-gtsrHT fBKbYI"
    fill="currentColor"
    height="1em"
    stroke="currentColor"
    strokeWidth="0"
    style={
      Object {
        "color": undefined,
      }
    }
    viewBox="0 0 16 16"
    width="1em"
    xmlns="http://www.w3.org/2000/svg"
  >
    <path
      clipRule="evenodd"
      d="M8 3.5a.5.5 0 01.5.5v9a.5.5 0 01-1 0V4a.5.5 0 01.5-.5z"
      fillRule="evenodd"
    />
    <path
      clipRule="evenodd"
      d="M7.646 2.646a.5.5 0 01.708 0l3 3a.5.5 0 01-.708.708L8 3.707 5.354 6.354a.5.5 0 11-.708-.708l3-3z"
      fillRule="evenodd"
    />
  </svg>
</button>
`;
